0 verbose cli /usr/bin/node /usr/bin/npm
1 info using npm@10.9.8
2 info using node@v22.23.1
3 silly config load:file:/usr/lib/node_modules/npm/npmrc
4 silly config load:file:/home/user/work/.npmrc
5 silly config load:file:/home/user/.npmrc
6 silly config load:file:/usr/etc/npmrc
7 verbose title npm exec bun install --frozen-lockfile
8 verbose argv "exec" "--yes" "--package" "bun" "--" "bun" "install" "--frozen-lockfile"
9 verbose logfile logs-max:10 dir:/home/user/work/.npm-cache/_logs/2026-07-29T13_43_34_907Z-
10 verbose logfile /home/user/work/.npm-cache/_logs/2026-07-29T13_43_34_907Z-debug-0.log
11 silly logfile done cleaning log files
12 silly packumentCache heap:4345298944 maxSize:1086324736 maxEntrySize:543162368
13 http fetch GET 200 https://registry.npmjs.org/bun 80ms (cache revalidated)
14 silly packumentCache heap:4345298944 maxSize:1086324736 maxEntrySize:543162368
15 verbose cwd /home/user/work
16 verbose os Linux 6.1.158+
17 verbose node v22.23.1
18 verbose npm  v10.9.8
19 verbose exit 0
20 info ok
