0 verbose cli /usr/bin/node /usr/lib/node_modules/npm/bin/npm-cli.js
1 info using npm@10.9.8
2 info using node@v22.23.1
3 silly config load:file:/usr/lib/node_modules/npm/npmrc
4 silly config load:file:/home/user/work/.npmrc
5 silly config load:file:/home/user/.npmrc
6 silly config load:file:/usr/etc/npmrc
7 verbose title npm exec bun run test
8 verbose argv "exec" "--offline" "--" "bun" "run" "test"
9 verbose logfile logs-max:10 dir:/home/user/work/.review-npm-cache/_logs/2026-07-29T13_46_34_054Z-
10 verbose logfile /home/user/work/.review-npm-cache/_logs/2026-07-29T13_46_34_054Z-debug-0.log
11 silly logfile done cleaning log files
12 silly packumentCache heap:4345298944 maxSize:1086324736 maxEntrySize:543162368
13 http cache https://registry.npmjs.org/bun 20ms (cache hit)
14 silly packumentCache heap:4345298944 maxSize:1086324736 maxEntrySize:543162368
15 silly packumentCache heap:4345298944 maxSize:1086324736 maxEntrySize:543162368
16 silly idealTree buildDeps
17 silly fetch manifest bun@1.3.14
18 silly packumentCache full:https://registry.npmjs.org/bun cache-miss
19 http cache https://registry.npmjs.org/bun 10ms (cache hit)
20 silly packumentCache full:https://registry.npmjs.org/bun set size:2936189 disposed:false
21 silly placeDep ROOT bun@1.3.14 OK for:  want: 1.3.14
22 silly fetch manifest @oven/bun-darwin-aarch64@1.3.14
23 silly packumentCache full:https://registry.npmjs.org/@oven%2fbun-darwin-aarch64 cache-miss
24 silly fetch manifest @oven/bun-darwin-x64@1.3.14
25 silly packumentCache full:https://registry.npmjs.org/@oven%2fbun-darwin-x64 cache-miss
26 silly fetch manifest @oven/bun-darwin-x64-baseline@1.3.14
27 silly packumentCache full:https://registry.npmjs.org/@oven%2fbun-darwin-x64-baseline cache-miss
28 silly fetch manifest @oven/bun-linux-aarch64@1.3.14
29 silly packumentCache full:https://registry.npmjs.org/@oven%2fbun-linux-aarch64 cache-miss
30 silly fetch manifest @oven/bun-linux-x64@1.3.14
31 silly packumentCache full:https://registry.npmjs.org/@oven%2fbun-linux-x64 cache-miss
32 silly fetch manifest @oven/bun-linux-x64-baseline@1.3.14
33 silly packumentCache full:https://registry.npmjs.org/@oven%2fbun-linux-x64-baseline cache-miss
34 silly fetch manifest @oven/bun-linux-aarch64-musl@1.3.14
35 silly packumentCache full:https://registry.npmjs.org/@oven%2fbun-linux-aarch64-musl cache-miss
36 http cache https://registry.npmjs.org/@oven%2fbun-darwin-aarch64 16ms (cache hit)
37 silly packumentCache full:https://registry.npmjs.org/@oven%2fbun-darwin-aarch64 set size:2174456 disposed:false
38 silly fetch manifest @oven/bun-linux-x64-musl@1.3.14
39 silly packumentCache full:https://registry.npmjs.org/@oven%2fbun-linux-x64-musl cache-miss
40 http cache https://registry.npmjs.org/@oven%2fbun-linux-x64 29ms (cache hit)
41 silly packumentCache full:https://registry.npmjs.org/@oven%2fbun-linux-x64 set size:2130758 disposed:false
42 silly fetch manifest @oven/bun-linux-x64-musl-baseline@1.3.14
43 silly packumentCache full:https://registry.npmjs.org/@oven%2fbun-linux-x64-musl-baseline cache-miss
44 http cache https://registry.npmjs.org/@oven%2fbun-darwin-x64 45ms (cache hit)
45 silly packumentCache full:https://registry.npmjs.org/@oven%2fbun-darwin-x64 set size:2141097 disposed:false
46 silly fetch manifest @oven/bun-linux-aarch64-android@1.3.14
47 silly packumentCache full:https://registry.npmjs.org/@oven%2fbun-linux-aarch64-android cache-miss
48 http cache https://registry.npmjs.org/@oven%2fbun-linux-x64-baseline 61ms (cache hit)
49 silly packumentCache full:https://registry.npmjs.org/@oven%2fbun-linux-x64-baseline set size:2190270 disposed:false
50 silly fetch manifest @oven/bun-linux-x64-android@1.3.14
51 silly packumentCache full:https://registry.npmjs.org/@oven%2fbun-linux-x64-android cache-miss
52 http cache https://registry.npmjs.org/@oven%2fbun-darwin-x64-baseline 78ms (cache hit)
53 silly packumentCache full:https://registry.npmjs.org/@oven%2fbun-darwin-x64-baseline set size:2199305 disposed:false
54 silly fetch manifest @oven/bun-freebsd-aarch64@1.3.14
55 silly packumentCache full:https://registry.npmjs.org/@oven%2fbun-freebsd-aarch64 cache-miss
56 http cache https://registry.npmjs.org/@oven%2fbun-linux-aarch64-musl 88ms (cache hit)
57 silly packumentCache full:https://registry.npmjs.org/@oven%2fbun-linux-aarch64-musl set size:874873 disposed:false
58 silly fetch manifest @oven/bun-freebsd-x64@1.3.14
59 silly packumentCache full:https://registry.npmjs.org/@oven%2fbun-freebsd-x64 cache-miss
60 http cache https://registry.npmjs.org/@oven%2fbun-linux-aarch64 98ms (cache hit)
61 silly packumentCache full:https://registry.npmjs.org/@oven%2fbun-linux-aarch64 set size:2154854 disposed:false
62 silly fetch manifest @oven/bun-windows-x64@1.3.14
63 silly packumentCache full:https://registry.npmjs.org/@oven%2fbun-windows-x64 cache-miss
64 http cache https://registry.npmjs.org/@oven%2fbun-linux-x64-android 44ms (cache hit)
65 silly packumentCache full:https://registry.npmjs.org/@oven%2fbun-linux-x64-android set size:3661 disposed:false
66 silly fetch manifest @oven/bun-windows-x64-baseline@1.3.14
67 silly packumentCache full:https://registry.npmjs.org/@oven%2fbun-windows-x64-baseline cache-miss
68 http cache https://registry.npmjs.org/@oven%2fbun-freebsd-aarch64 31ms (cache hit)
69 silly packumentCache full:https://registry.npmjs.org/@oven%2fbun-freebsd-aarch64 set size:3641 disposed:false
70 silly fetch manifest @oven/bun-windows-aarch64@1.3.14
71 silly packumentCache full:https://registry.npmjs.org/@oven%2fbun-windows-aarch64 cache-miss
72 http cache https://registry.npmjs.org/@oven%2fbun-linux-x64-musl 95ms (cache hit)
73 silly packumentCache full:https://registry.npmjs.org/@oven%2fbun-linux-x64-musl set size:860530 disposed:false
74 http cache https://registry.npmjs.org/@oven%2fbun-linux-x64-musl-baseline 86ms (cache hit)
75 silly packumentCache full:https://registry.npmjs.org/@oven%2fbun-linux-x64-musl-baseline set size:885567 disposed:false
76 http cache https://registry.npmjs.org/@oven%2fbun-linux-aarch64-android 77ms (cache hit)
77 silly packumentCache full:https://registry.npmjs.org/@oven%2fbun-linux-aarch64-android set size:3714 disposed:false
78 http cache https://registry.npmjs.org/@oven%2fbun-freebsd-x64 41ms (cache hit)
79 silly packumentCache full:https://registry.npmjs.org/@oven%2fbun-freebsd-x64 set size:3589 disposed:false
80 http cache https://registry.npmjs.org/@oven%2fbun-windows-x64 28ms (cache hit)
81 silly packumentCache full:https://registry.npmjs.org/@oven%2fbun-windows-x64 set size:1267783 disposed:false
82 http cache https://registry.npmjs.org/@oven%2fbun-windows-aarch64 27ms (cache hit)
83 silly packumentCache full:https://registry.npmjs.org/@oven%2fbun-windows-aarch64 set size:102427 disposed:false
84 http cache https://registry.npmjs.org/@oven%2fbun-windows-x64-baseline 31ms (cache hit)
85 silly packumentCache full:https://registry.npmjs.org/@oven%2fbun-windows-x64-baseline set size:1304818 disposed:false
86 silly placeDep ROOT @oven/bun-darwin-aarch64@1.3.14 OK for: bun@1.3.14 want: 1.3.14
87 silly placeDep ROOT @oven/bun-darwin-x64@1.3.14 OK for: bun@1.3.14 want: 1.3.14
88 silly placeDep ROOT @oven/bun-darwin-x64-baseline@1.3.14 OK for: bun@1.3.14 want: 1.3.14
89 silly placeDep ROOT @oven/bun-freebsd-aarch64@1.3.14 OK for: bun@1.3.14 want: 1.3.14
90 silly placeDep ROOT @oven/bun-freebsd-x64@1.3.14 OK for: bun@1.3.14 want: 1.3.14
91 silly placeDep ROOT @oven/bun-linux-aarch64@1.3.14 OK for: bun@1.3.14 want: 1.3.14
92 silly placeDep ROOT @oven/bun-linux-aarch64-android@1.3.14 OK for: bun@1.3.14 want: 1.3.14
93 silly placeDep ROOT @oven/bun-linux-aarch64-musl@1.3.14 OK for: bun@1.3.14 want: 1.3.14
94 silly placeDep ROOT @oven/bun-linux-x64@1.3.14 OK for: bun@1.3.14 want: 1.3.14
95 silly placeDep ROOT @oven/bun-linux-x64-android@1.3.14 OK for: bun@1.3.14 want: 1.3.14
96 silly placeDep ROOT @oven/bun-linux-x64-baseline@1.3.14 OK for: bun@1.3.14 want: 1.3.14
97 silly placeDep ROOT @oven/bun-linux-x64-musl@1.3.14 OK for: bun@1.3.14 want: 1.3.14
98 silly placeDep ROOT @oven/bun-linux-x64-musl-baseline@1.3.14 OK for: bun@1.3.14 want: 1.3.14
99 silly placeDep ROOT @oven/bun-windows-aarch64@1.3.14 OK for: bun@1.3.14 want: 1.3.14
100 silly placeDep ROOT @oven/bun-windows-x64@1.3.14 OK for: bun@1.3.14 want: 1.3.14
101 silly placeDep ROOT @oven/bun-windows-x64-baseline@1.3.14 OK for: bun@1.3.14 want: 1.3.14
102 silly reify moves {}
103 silly audit report null
104 verbose reify failed optional dependency /home/user/work/.review-npm-cache/_npx/5c4f1b4a21be27f7/node_modules/@oven/bun-windows-x64-baseline
105 silly reify mark deleted [
105 silly reify   '/home/user/work/.review-npm-cache/_npx/5c4f1b4a21be27f7/node_modules/@oven/bun-windows-x64-baseline'
105 silly reify ]
106 verbose reify failed optional dependency /home/user/work/.review-npm-cache/_npx/5c4f1b4a21be27f7/node_modules/@oven/bun-windows-x64
107 silly reify mark deleted [
107 silly reify   '/home/user/work/.review-npm-cache/_npx/5c4f1b4a21be27f7/node_modules/@oven/bun-windows-x64'
107 silly reify ]
108 verbose reify failed optional dependency /home/user/work/.review-npm-cache/_npx/5c4f1b4a21be27f7/node_modules/@oven/bun-windows-aarch64
109 silly reify mark deleted [
109 silly reify   '/home/user/work/.review-npm-cache/_npx/5c4f1b4a21be27f7/node_modules/@oven/bun-windows-aarch64'
109 silly reify ]
110 verbose reify failed optional dependency /home/user/work/.review-npm-cache/_npx/5c4f1b4a21be27f7/node_modules/@oven/bun-linux-x64-android
111 silly reify mark deleted [
111 silly reify   '/home/user/work/.review-npm-cache/_npx/5c4f1b4a21be27f7/node_modules/@oven/bun-linux-x64-android'
111 silly reify ]
112 verbose reify failed optional dependency /home/user/work/.review-npm-cache/_npx/5c4f1b4a21be27f7/node_modules/@oven/bun-linux-aarch64-musl
113 silly reify mark deleted [
113 silly reify   '/home/user/work/.review-npm-cache/_npx/5c4f1b4a21be27f7/node_modules/@oven/bun-linux-aarch64-musl'
113 silly reify ]
114 verbose reify failed optional dependency /home/user/work/.review-npm-cache/_npx/5c4f1b4a21be27f7/node_modules/@oven/bun-linux-aarch64-android
115 silly reify mark deleted [
115 silly reify   '/home/user/work/.review-npm-cache/_npx/5c4f1b4a21be27f7/node_modules/@oven/bun-linux-aarch64-android'
115 silly reify ]
116 verbose reify failed optional dependency /home/user/work/.review-npm-cache/_npx/5c4f1b4a21be27f7/node_modules/@oven/bun-linux-aarch64
117 silly reify mark deleted [
117 silly reify   '/home/user/work/.review-npm-cache/_npx/5c4f1b4a21be27f7/node_modules/@oven/bun-linux-aarch64'
117 silly reify ]
118 verbose reify failed optional dependency /home/user/work/.review-npm-cache/_npx/5c4f1b4a21be27f7/node_modules/@oven/bun-freebsd-x64
119 silly reify mark deleted [
119 silly reify   '/home/user/work/.review-npm-cache/_npx/5c4f1b4a21be27f7/node_modules/@oven/bun-freebsd-x64'
119 silly reify ]
120 verbose reify failed optional dependency /home/user/work/.review-npm-cache/_npx/5c4f1b4a21be27f7/node_modules/@oven/bun-freebsd-aarch64
121 silly reify mark deleted [
121 silly reify   '/home/user/work/.review-npm-cache/_npx/5c4f1b4a21be27f7/node_modules/@oven/bun-freebsd-aarch64'
121 silly reify ]
122 verbose reify failed optional dependency /home/user/work/.review-npm-cache/_npx/5c4f1b4a21be27f7/node_modules/@oven/bun-darwin-x64-baseline
123 silly reify mark deleted [
123 silly reify   '/home/user/work/.review-npm-cache/_npx/5c4f1b4a21be27f7/node_modules/@oven/bun-darwin-x64-baseline'
123 silly reify ]
124 verbose reify failed optional dependency /home/user/work/.review-npm-cache/_npx/5c4f1b4a21be27f7/node_modules/@oven/bun-darwin-x64
125 silly reify mark deleted [
125 silly reify   '/home/user/work/.review-npm-cache/_npx/5c4f1b4a21be27f7/node_modules/@oven/bun-darwin-x64'
125 silly reify ]
126 verbose reify failed optional dependency /home/user/work/.review-npm-cache/_npx/5c4f1b4a21be27f7/node_modules/@oven/bun-darwin-aarch64
127 silly reify mark deleted [
127 silly reify   '/home/user/work/.review-npm-cache/_npx/5c4f1b4a21be27f7/node_modules/@oven/bun-darwin-aarch64'
127 silly reify ]
128 http cache @oven/bun-linux-x64-musl-baseline@https://registry.npmjs.org/@oven/bun-linux-x64-musl-baseline/-/bun-linux-x64-musl-baseline-1.3.14.tgz 0ms (cache hit)
129 http cache @oven/bun-linux-x64-musl@https://registry.npmjs.org/@oven/bun-linux-x64-musl/-/bun-linux-x64-musl-1.3.14.tgz 0ms (cache hit)
130 http cache @oven/bun-linux-x64-baseline@https://registry.npmjs.org/@oven/bun-linux-x64-baseline/-/bun-linux-x64-baseline-1.3.14.tgz 0ms (cache hit)
131 http cache @oven/bun-linux-x64@https://registry.npmjs.org/@oven/bun-linux-x64/-/bun-linux-x64-1.3.14.tgz 0ms (cache hit)
132 http cache bun@https://registry.npmjs.org/bun/-/bun-1.3.14.tgz 0ms (cache hit)
133 info run bun@1.3.14 postinstall node_modules/bun node install.js
134 info run bun@1.3.14 postinstall { code: 0, signal: null }
